Removed Pin From Net: NetName=LED_1 Pin=U1-15
Removed Pin From Net: NetName=LED_2 Pin=U1-16
Add component: Footprint Not Found HDR Male1_4 2.54mm
Added Pin To Net: NetName=GND Pin=J3-1
Added Pin To Net: NetName=Ams Pin=J3-2
Added Pin To Net: NetName=SCK Pin=J3-5
Added Pin To Net: NetName=MOSI Pin=J3-6
Added Pin To Net: NetName=MISO Pin=J3-7
Add Pin To Net: Unknown Pin: Pin JP1-1
Add Pin To Net: Unknown Pin: Pin JP1-2
Add Pin To Net: Unknown Pin: Pin JP1-3
Add Pin To Net: Unknown Pin: Pin JP1-4
Added Pin To Net: NetName=CE Pin=J3-3
Added Pin To Net: NetName=CE Pin=U1-14
Added Net: Name=CE
Added Pin To Net: NetName=CSN Pin=J3-4
Added Pin To Net: NetName=CSN Pin=U1-15
Added Net: Name=CSN
Added Pin To Net: NetName=IRQ Pin=J3-8
Added Pin To Net: NetName=IRQ Pin=U1-16
Added Net: Name=IRQ
Added Member To Class: ClassName=mpuhand2 Member=Component J3 DS1021-2X4SF162-B
Add Class Member: Failed to add class member : Component JP1 HDR 1x4
