Removed Pin From Net: NetName=GND Pin=C1-1
Removed Pin From Net: NetName=GND Pin=C2-1
Removed Pin From Net: NetName=Vbat Pin=C2-2
Removed Pin From Net: NetName=GND Pin=C21-1
Removed Pin From Net: NetName=GND Pin=C22-1
Removed Pin From Net: NetName=Vbat Pin=C22-2
Removed Pin From Net: NetName=Vbat Pin=C26-1
Removed Pin From Net: NetName=GNDBat Pin=C26-2
Removed Pin From Net: NetName=V_USB Pin=D3-2
Removed Pin From Net: NetName=V_USB Pin=IC1-1
Removed Pin From Net: NetName=Vout Pin=IC1-2
Removed Pin From Net: NetName=Vbat Pin=IC1-3
Removed Pin From Net: NetName=GND Pin=IC2-1
Removed Pin From Net: NetName=GND Pin=IC2-3
Removed Pin From Net: NetName=Vbat Pin=IC2-5
Removed Pin From Net: NetName=GND Pin=IC2-9
Removed Pin From Net: NetName=GNDBat Pin=IC3-6
Removed Pin From Net: NetName=GNDBat Pin=Q1-1
Removed Pin From Net: NetName=GND Pin=Q1-3
Removed Pin From Net: NetName=V_USB Pin=R8-1
Removed Pin From Net: NetName=GND Pin=R8-2
Removed Pin From Net: NetName=GND Pin=R10-1
Removed Pin From Net: NetName=Vbat Pin=R11-2
Removed Pin From Net: NetName=GND Pin=R12-1
Removed Member From Class: ClassName=mpuhand2 Member=C1
Removed Member From Class: ClassName=mpuhand2 Member=C2
Removed Member From Class: ClassName=mpuhand2 Member=C21
Removed Member From Class: ClassName=mpuhand2 Member=C22
Removed Member From Class: ClassName=mpuhand2 Member=C26
Removed Member From Class: ClassName=mpuhand2 Member=D3
Removed Member From Class: ClassName=mpuhand2 Member=D4
Removed Member From Class: ClassName=mpuhand2 Member=D5
Removed Member From Class: ClassName=mpuhand2 Member=IC1
Removed Member From Class: ClassName=mpuhand2 Member=IC2
Removed Member From Class: ClassName=mpuhand2 Member=IC3
Removed Member From Class: ClassName=mpuhand2 Member=Q1
Removed Member From Class: ClassName=mpuhand2 Member=R8
Removed Member From Class: ClassName=mpuhand2 Member=R9
Removed Member From Class: ClassName=mpuhand2 Member=R10
Removed Member From Class: ClassName=mpuhand2 Member=R11
Removed Member From Class: ClassName=mpuhand2 Member=R12
