Add component: Footprint Not Found 0603C
Add component: Footprint Not Found 0805C
Add component: Footprint Not Found 0805C
Add component: Footprint Not Found 0603C
Add component: Footprint Not Found SMA
Add component: Footprint Not Found SMA
Add component: Footprint Not Found LED_0805
Add component: Footprint Not Found LED_0805
Add component: Footprint Not Found HDR Male1_4 2.54mm
Add component: Footprint Not Found 0603R
Add component: Footprint Not Found 0603R
Add Pin To Net: Unknown Pin: Pin C22-1
Add Pin To Net: Unknown Pin: Pin C22-2
Add Pin To Net: Unknown Pin: Pin C23-1
Add Pin To Net: Unknown Pin: Pin C23-2
Add Pin To Net: Unknown Pin: Pin C24-1
Add Pin To Net: Unknown Pin: Pin C24-2
Add Pin To Net: Unknown Pin: Pin C25-1
Add Pin To Net: Unknown Pin: Pin C25-2
Add Pin To Net: Unknown Pin: Pin D2-1
Add Pin To Net: Unknown Pin: Pin D2-2
Add Pin To Net: Unknown Pin: Pin D3-1
Add Pin To Net: Unknown Pin: Pin D3-2
Add Pin To Net: Unknown Pin: Pin D4-A
Add Pin To Net: Unknown Pin: Pin D4-K
Add Pin To Net: Unknown Pin: Pin D5-A
Add Pin To Net: Unknown Pin: Pin D5-K
Added Pin To Net: NetName=GND Pin=J1-A1_B12
Added Pin To Net: NetName=NetC15_2 Pin=J1-A4_B9
Added Pin To Net: NetName=NetJ1_A5 Pin=J1-A5
Added Pin To Net: NetName=USB_D_P Pin=J1-A6
Added Pin To Net: NetName=USB_D_N Pin=J1-A7
Added Pin To Net: NetName=GND Pin=J1-B1_A12
Added Pin To Net: NetName=NetC15_2 Pin=J1-B4_A9
Added Pin To Net: NetName=NetJ1_B5 Pin=J1-B5
Added Pin To Net: NetName=USB_D_P Pin=J1-B6
Added Pin To Net: NetName=USB_D_N Pin=J1-B7
Add Pin To Net: Unknown Pin: Pin JP1-1
Add Pin To Net: Unknown Pin: Pin JP1-4
Add Pin To Net: Unknown Pin: Pin R9-1
Add Pin To Net: Unknown Pin: Pin R9-2
Add Pin To Net: Unknown Pin: Pin R10-1
Add Pin To Net: Unknown Pin: Pin R10-2
Add Pin To Net: Unknown Pin: Pin Y1-
Add Class Member: Failed to add class member : Component C22 100nf
Add Class Member: Failed to add class member : Component C23 10uf
Add Class Member: Failed to add class member : Component C24 10uf
Add Class Member: Failed to add class member : Component C25 100nf
Add Class Member: Failed to add class member : Component D2 SS34
Add Class Member: Failed to add class member : Component D3 SS34
Add Class Member: Failed to add class member : Component D4 LED_RED
Add Class Member: Failed to add class member : Component D5 LED_GREEN
Add Class Member: Failed to add class member : Component JP1 HDR 1x4
Add Class Member: Failed to add class member : Component R9 1K
Add Class Member: Failed to add class member : Component R10 1.5k
