Removed Pin From Net: NetName=U_RX Pin=C1-1
Removed Pin From Net: NetName=U_RX Pin=C3-2
Removed Pin From Net: NetName=U_RX Pin=C4-1
Removed Pin From Net: NetName=U_RX Pin=C5-1
Removed Pin From Net: NetName=U_RX Pin=C6-1
Removed Pin From Net: NetName=U_RX Pin=C7-1
Removed Pin From Net: NetName=U_RX Pin=C8-2
Removed Pin From Net: NetName=U_RX Pin=C9-2
Removed Pin From Net: NetName=U_RX Pin=C10-2
Removed Pin From Net: NetName=U_RX Pin=C11-2
Removed Pin From Net: NetName=U_RX Pin=C12-2
Removed Pin From Net: NetName=U_RX Pin=C14-2
Removed Pin From Net: NetName=U_RX Pin=C18-1
Removed Pin From Net: NetName=U_RX Pin=C20-2
Removed Pin From Net: NetName=U_RX Pin=C23-1
Removed Pin From Net: NetName=U_RX Pin=FB1-1
Removed Pin From Net: NetName=U_RX Pin=FB1-2
Removed Pin From Net: NetName=U_RX Pin=J3-2
Removed Pin From Net: NetName=U_RX Pin=JP1-4
Removed Pin From Net: NetName=U_RX Pin=R2-2
Removed Pin From Net: NetName=U_RX Pin=R3-2
Removed Pin From Net: NetName=U_RX Pin=R4-2
Removed Pin From Net: NetName=U_RX Pin=R5-2
Removed Pin From Net: NetName=U_RX Pin=R8-2
Removed Pin From Net: NetName=U_RX Pin=R9-2
Removed Pin From Net: NetName=U_RX Pin=R10-2
Removed Pin From Net: NetName=U_RX Pin=U1-1
Removed Pin From Net: NetName=U_RX Pin=U1-13
Removed Pin From Net: NetName=U_RX Pin=U1-19
Removed Pin From Net: NetName=U_RX Pin=U1-32
Removed Pin From Net: NetName=U_RX Pin=U1-42
Removed Pin From Net: NetName=U_RX Pin=U1-43
Removed Pin From Net: NetName=U_RX Pin=U1-48
Removed Pin From Net: NetName=U_RX Pin=U1-64
Removed Pin From Net: NetName=U_RX Pin=U2-5
Removed Pin From Net: NetName=U_RX Pin=U3-8
Removed Pin From Net: NetName=U_RX Pin=U3-13
Added Pin To Net: NetName=U_RX Pin=JP2-1
Change Net Name : Old Net Name=U_RX New Net Name=GND
Added Pin To Net: NetName=+3V3 Pin=C1-1
Added Pin To Net: NetName=+3V3 Pin=C3-2
Added Pin To Net: NetName=+3V3 Pin=C4-1
Added Pin To Net: NetName=+3V3 Pin=C5-1
Added Pin To Net: NetName=+3V3 Pin=C6-1
Added Pin To Net: NetName=+3V3 Pin=C7-1
Added Pin To Net: NetName=+3V3 Pin=C8-2
Added Pin To Net: NetName=+3V3 Pin=C9-2
Added Pin To Net: NetName=+3V3 Pin=C10-2
Added Pin To Net: NetName=+3V3 Pin=C11-2
Added Pin To Net: NetName=+3V3 Pin=C12-2
Added Pin To Net: NetName=+3V3 Pin=C14-2
Added Pin To Net: NetName=+3V3 Pin=C18-1
Added Pin To Net: NetName=+3V3 Pin=C20-2
Added Pin To Net: NetName=+3V3 Pin=C23-1
Added Pin To Net: NetName=+3V3 Pin=FB1-1
Added Pin To Net: NetName=+3V3 Pin=FB1-2
Added Pin To Net: NetName=+3V3 Pin=J3-2
Added Pin To Net: NetName=+3V3 Pin=JP1-4
Added Pin To Net: NetName=+3V3 Pin=JP2-4
Added Pin To Net: NetName=+3V3 Pin=R2-2
Added Pin To Net: NetName=+3V3 Pin=R3-2
Added Pin To Net: NetName=+3V3 Pin=R4-2
Added Pin To Net: NetName=+3V3 Pin=R5-2
Added Pin To Net: NetName=+3V3 Pin=R8-2
Added Pin To Net: NetName=+3V3 Pin=R9-2
Added Pin To Net: NetName=+3V3 Pin=R10-2
Added Pin To Net: NetName=+3V3 Pin=U1-1
Added Pin To Net: NetName=+3V3 Pin=U1-13
Added Pin To Net: NetName=+3V3 Pin=U1-19
Added Pin To Net: NetName=+3V3 Pin=U1-32
Added Pin To Net: NetName=+3V3 Pin=U1-48
Added Pin To Net: NetName=+3V3 Pin=U1-64
Added Pin To Net: NetName=+3V3 Pin=U2-5
Added Pin To Net: NetName=+3V3 Pin=U3-8
Added Pin To Net: NetName=+3V3 Pin=U3-13
Added Net: Name=+3V3
Added Pin To Net: NetName=U_RX Pin=JP2-3
Added Pin To Net: NetName=U_RX Pin=U1-43
Added Net: Name=U_RX
Added Pin To Net: NetName=U_TX Pin=JP2-2
Added Pin To Net: NetName=U_TX Pin=U1-42
Added Net: Name=U_TX
Added Rule: Name=Schematic Supply Nets
Added Rule: Name=Schematic Supply Nets_2
