Added Component: Designator=C1(FP-C0805C-DN-MFG)
Added Component: Designator=C2(FP-C0805C-DN-MFG)
Added Component: Designator=C3(FP-CL511-IPC_C)
Added Component: Designator=C4(FP-CL511-IPC_C)
Added Component: Designator=C5(FP-CL282-IPC_C)
Added Component: Designator=C6(FP-CL165-IPC_C)
Added Component: Designator=C7(FP-CL511-IPC_C)
Added Component: Designator=C8(CAPC1050X55X23ML05T13)
Added Component: Designator=C9(CAPC1050X55X23ML05T13)
Added Component: Designator=C10(CAPC1050X55X23ML05T13)
Added Component: Designator=C11(CAPC1050X55X23ML05T13)
Added Component: Designator=C12(CAPC1050X55X23ML05T13)
Added Component: Designator=C13(CAPC1050X55X23ML05T13)
Added Component: Designator=C14(CAPC1050X55X23ML05T13)
Added Component: Designator=C15(CAPC1050X55X23ML05T13)
Added Component: Designator=C16(CAPC1050X55X23ML05T13)
Added Component: Designator=C17(FP-CC0603-DA-MFG)
Added Component: Designator=C18(FP-CC0402-MFG)
Added Component: Designator=C19(CAPC1050X55X23ML05T13)
Added Component: Designator=C20(CAPC1050X55X23ML05T13)
Added Component: Designator=C21(FP-CL511-IPC_C)
Add component: Footprint Not Found 0603C
Add component: Footprint Not Found 0805C
Add component: Footprint Not Found 0805C
Add component: Footprint Not Found 0603C
Added Component: Designator=C26(CAPC1050X55X23ML05T13)
Added Component: Designator=D1(FP-LTST-C191GKT-MFG)
Add component: Footprint Not Found SMA
Add component: Footprint Not Found SMA
Add component: Footprint Not Found LED_0805
Add component: Footprint Not Found LED_0805
Added Component: Designator=D6(FP-LTST-C191GKT-MFG)
Added Component: Designator=D7(FP-LTST-C191GKT-MFG)
Added Component: Designator=FB1(FP-BLM18-0_15-t0_8-IPC_C)
Added Component: Designator=FB2(FP-BLM18-0_15-t0_8-IPC_C)
Add component: Footprint Not Found GCT_USB4105GFA060
Add component: Footprint Not Found HDR Male1_4 2.54mm
Added Component: Designator=R1(RESC2013X60X35ML10T20)
Added Component: Designator=R2(RESC1608X55X25ML10T15)
Added Component: Designator=R3(RESC2013X60X35ML10T20)
Added Component: Designator=R4(FP-RC0402-0_4-MFG)
Added Component: Designator=R5(FP-RC0402-0_4-MFG)
Added Component: Designator=R6(RESC1005X40X25NL05T10)
Added Component: Designator=R7(RESC1005X40X25NL05T10)
Added Component: Designator=R8(RESC1005X40X25NL05T10)
Add component: Footprint Not Found 0603R
Add component: Footprint Not Found 0603R
Added Component: Designator=R11(RESC1005X40X25ML05T10)
Added Component: Designator=R12(RESC1005X40X25LL05T10)
Added Component: Designator=R13(RESC1608X55X25ML10T15)
Added Component: Designator=R14(RESC1608X55X25ML10T15)
Added Component: Designator=SW1(CJS-1201B_MFG)
Added Component: Designator=U1(FP-LQFP64-5W-MFG)
Added Component: Designator=U2(FP-SOT25-IPC_A)
Added Component: Designator=U3(IS-QFN-24_V)
Add Pin To Net: Unknown Pin: Pin C1-1
Add Pin To Net: Unknown Pin: Pin C1-2
Add Pin To Net: Unknown Pin: Pin C2-1
Add Pin To Net: Unknown Pin: Pin C2-2
Add Pin To Net: Unknown Pin: Pin C3-1
Add Pin To Net: Unknown Pin: Pin C3-2
Add Pin To Net: Unknown Pin: Pin C4-1
Add Pin To Net: Unknown Pin: Pin C4-2
Add Pin To Net: Unknown Pin: Pin C5-1
Add Pin To Net: Unknown Pin: Pin C5-2
Add Pin To Net: Unknown Pin: Pin C6-1
Add Pin To Net: Unknown Pin: Pin C6-2
Add Pin To Net: Unknown Pin: Pin C7-1
Add Pin To Net: Unknown Pin: Pin C7-2
Add Pin To Net: Unknown Pin: Pin C8-1
Add Pin To Net: Unknown Pin: Pin C8-2
Add Pin To Net: Unknown Pin: Pin C9-1
Add Pin To Net: Unknown Pin: Pin C9-2
Add Pin To Net: Unknown Pin: Pin C10-1
Add Pin To Net: Unknown Pin: Pin C10-2
Add Pin To Net: Unknown Pin: Pin C11-1
Add Pin To Net: Unknown Pin: Pin C11-2
Add Pin To Net: Unknown Pin: Pin C12-1
Add Pin To Net: Unknown Pin: Pin C12-2
Add Pin To Net: Unknown Pin: Pin C13-1
Add Pin To Net: Unknown Pin: Pin C13-2
Add Pin To Net: Unknown Pin: Pin C14-1
Add Pin To Net: Unknown Pin: Pin C14-2
Add Pin To Net: Unknown Pin: Pin C15-1
Add Pin To Net: Unknown Pin: Pin C15-2
Add Pin To Net: Unknown Pin: Pin C16-1
Add Pin To Net: Unknown Pin: Pin C16-2
Add Pin To Net: Unknown Pin: Pin C17-1
Add Pin To Net: Unknown Pin: Pin C17-2
Add Pin To Net: Unknown Pin: Pin C18-1
Add Pin To Net: Unknown Pin: Pin C18-2
Add Pin To Net: Unknown Pin: Pin C19-1
Add Pin To Net: Unknown Pin: Pin C19-2
Add Pin To Net: Unknown Pin: Pin C20-1
Add Pin To Net: Unknown Pin: Pin C20-2
Add Pin To Net: Unknown Pin: Pin C21-1
Add Pin To Net: Unknown Pin: Pin C21-2
Add Pin To Net: Unknown Pin: Pin C22-1
Add Pin To Net: Unknown Pin: Pin C22-2
Add Pin To Net: Unknown Pin: Pin C23-1
Add Pin To Net: Unknown Pin: Pin C23-2
Add Pin To Net: Unknown Pin: Pin C24-1
Add Pin To Net: Unknown Pin: Pin C24-2
Add Pin To Net: Unknown Pin: Pin C25-1
Add Pin To Net: Unknown Pin: Pin C25-2
Add Pin To Net: Unknown Pin: Pin C26-1
Add Pin To Net: Unknown Pin: Pin C26-2
Add Pin To Net: Unknown Pin: Pin D1-1
Add Pin To Net: Unknown Pin: Pin D1-2
Add Pin To Net: Unknown Pin: Pin D2-1
Add Pin To Net: Unknown Pin: Pin D2-2
Add Pin To Net: Unknown Pin: Pin D3-1
Add Pin To Net: Unknown Pin: Pin D3-2
Add Pin To Net: Unknown Pin: Pin D4-A
Add Pin To Net: Unknown Pin: Pin D4-K
Add Pin To Net: Unknown Pin: Pin D5-A
Add Pin To Net: Unknown Pin: Pin D5-K
Add Pin To Net: Unknown Pin: Pin D6-1
Add Pin To Net: Unknown Pin: Pin D7-1
Add Pin To Net: Unknown Pin: Pin FB1-1
Add Pin To Net: Unknown Pin: Pin FB1-2
Add Pin To Net: Unknown Pin: Pin FB2-1
Add Pin To Net: Unknown Pin: Pin FB2-2
Add Pin To Net: Unknown Pin: Pin J1-A1_B12
Add Pin To Net: Unknown Pin: Pin J1-A4_B9
Add Pin To Net: Unknown Pin: Pin J1-A5
Add Pin To Net: Unknown Pin: Pin J1-A6
Add Pin To Net: Unknown Pin: Pin J1-A7
Add Pin To Net: Unknown Pin: Pin J1-B1_A12
Add Pin To Net: Unknown Pin: Pin J1-B4_A9
Add Pin To Net: Unknown Pin: Pin J1-B5
Add Pin To Net: Unknown Pin: Pin J1-B6
Add Pin To Net: Unknown Pin: Pin J1-B7
Add Pin To Net: Unknown Pin: Pin JP1-1
Add Pin To Net: Unknown Pin: Pin JP1-2
Add Pin To Net: Unknown Pin: Pin JP1-3
Add Pin To Net: Unknown Pin: Pin JP1-4
Add Pin To Net: Unknown Pin: Pin R1-1
Add Pin To Net: Unknown Pin: Pin R1-2
Add Pin To Net: Unknown Pin: Pin R2-1
Add Pin To Net: Unknown Pin: Pin R2-2
Add Pin To Net: Unknown Pin: Pin R3-1
Add Pin To Net: Unknown Pin: Pin R3-2
Add Pin To Net: Unknown Pin: Pin R4-1
Add Pin To Net: Unknown Pin: Pin R4-2
Add Pin To Net: Unknown Pin: Pin R5-1
Add Pin To Net: Unknown Pin: Pin R5-2
Add Pin To Net: Unknown Pin: Pin R6-1
Add Pin To Net: Unknown Pin: Pin R6-2
Add Pin To Net: Unknown Pin: Pin R7-1
Add Pin To Net: Unknown Pin: Pin R7-2
Add Pin To Net: Unknown Pin: Pin R8-1
Add Pin To Net: Unknown Pin: Pin R8-2
Add Pin To Net: Unknown Pin: Pin R9-1
Add Pin To Net: Unknown Pin: Pin R9-2
Add Pin To Net: Unknown Pin: Pin R10-1
Add Pin To Net: Unknown Pin: Pin R10-2
Add Pin To Net: Unknown Pin: Pin R11-1
Add Pin To Net: Unknown Pin: Pin R11-2
Add Pin To Net: Unknown Pin: Pin R12-1
Add Pin To Net: Unknown Pin: Pin R12-2
Add Pin To Net: Unknown Pin: Pin R13-2
Add Pin To Net: Unknown Pin: Pin R14-2
Add Pin To Net: Unknown Pin: Pin SW1-2
Add Pin To Net: Unknown Pin: Pin SW1-3
Add Pin To Net: Unknown Pin: Pin U1-1
Add Pin To Net: Unknown Pin: Pin U1-5
Add Pin To Net: Unknown Pin: Pin U1-6
Add Pin To Net: Unknown Pin: Pin U1-7
Add Pin To Net: Unknown Pin: Pin U1-8
Add Pin To Net: Unknown Pin: Pin U1-9
Add Pin To Net: Unknown Pin: Pin U1-10
Add Pin To Net: Unknown Pin: Pin U1-11
Add Pin To Net: Unknown Pin: Pin U1-12
Add Pin To Net: Unknown Pin: Pin U1-13
Add Pin To Net: Unknown Pin: Pin U1-15
Add Pin To Net: Unknown Pin: Pin U1-16
Add Pin To Net: Unknown Pin: Pin U1-18
Add Pin To Net: Unknown Pin: Pin U1-19
Add Pin To Net: Unknown Pin: Pin U1-24
Add Pin To Net: Unknown Pin: Pin U1-31
Add Pin To Net: Unknown Pin: Pin U1-32
Add Pin To Net: Unknown Pin: Pin U1-42
Add Pin To Net: Unknown Pin: Pin U1-43
Add Pin To Net: Unknown Pin: Pin U1-44
Add Pin To Net: Unknown Pin: Pin U1-45
Add Pin To Net: Unknown Pin: Pin U1-46
Add Pin To Net: Unknown Pin: Pin U1-47
Add Pin To Net: Unknown Pin: Pin U1-48
Add Pin To Net: Unknown Pin: Pin U1-49
Add Pin To Net: Unknown Pin: Pin U1-58
Add Pin To Net: Unknown Pin: Pin U1-59
Add Pin To Net: Unknown Pin: Pin U1-60
Add Pin To Net: Unknown Pin: Pin U1-63
Add Pin To Net: Unknown Pin: Pin U1-64
Add Pin To Net: Unknown Pin: Pin U2-1
Add Pin To Net: Unknown Pin: Pin U2-2
Add Pin To Net: Unknown Pin: Pin U2-3
Add Pin To Net: Unknown Pin: Pin U2-5
Add Pin To Net: Unknown Pin: Pin U3-1
Add Pin To Net: Unknown Pin: Pin U3-8
Add Pin To Net: Unknown Pin: Pin U3-9
Add Pin To Net: Unknown Pin: Pin U3-10
Add Pin To Net: Unknown Pin: Pin U3-11
Add Pin To Net: Unknown Pin: Pin U3-13
Add Pin To Net: Unknown Pin: Pin U3-18
Add Pin To Net: Unknown Pin: Pin U3-20
Add Pin To Net: Unknown Pin: Pin U3-23
Add Pin To Net: Unknown Pin: Pin U3-24
Add Pin To Net: Unknown Pin: Pin Y1-
Added Net: Name=NetD6_2
Added Net: Name=NetD7_2
Add Class Member: Failed to add class member : Component C1 20pF
Add Class Member: Failed to add class member : Component C2 20pF
Add Class Member: Failed to add class member : Component C3 1uF
Add Class Member: Failed to add class member : Component C4 1uF
Add Class Member: Failed to add class member : Component C5 4.7uF
Add Class Member: Failed to add class member : Component C6 10nF
Add Class Member: Failed to add class member : Component C7 1uF
Add Class Member: Failed to add class member : Component C8 100nF
Add Class Member: Failed to add class member : Component C9 100nF
Add Class Member: Failed to add class member : Component C10 100nF
Add Class Member: Failed to add class member : Component C11 100nF
Add Class Member: Failed to add class member : Component C12 100nF
Add Class Member: Failed to add class member : Component C13 100nF
Add Class Member: Failed to add class member : Component C14 0.1uF
Add Class Member: Failed to add class member : Component C15 100nF
Add Class Member: Failed to add class member : Component C16 100nF
Add Class Member: Failed to add class member : Component C17 2.2nF
Add Class Member: Failed to add class member : Component C18 10nF
Add Class Member: Failed to add class member : Component C19 0.1uF
Add Class Member: Failed to add class member : Component C20 0.1uF
Add Class Member: Failed to add class member : Component C21 1uF
Add Class Member: Failed to add class member : Component C22 100nf
Add Class Member: Failed to add class member : Component C23 10uf
Add Class Member: Failed to add class member : Component C24 10uf
Add Class Member: Failed to add class member : Component C25 100nf
Add Class Member: Failed to add class member : Component C26 0.1uF
Add Class Member: Failed to add class member : Component D1 Led
Add Class Member: Failed to add class member : Component D2 SS34
Add Class Member: Failed to add class member : Component D3 SS34
Add Class Member: Failed to add class member : Component D4 LED_RED
Add Class Member: Failed to add class member : Component D5 LED_GREEN
Add Class Member: Failed to add class member : Component D6 Led
Add Class Member: Failed to add class member : Component D7 Led
Add Class Member: Failed to add class member : Component FB1 120R
Add Class Member: Failed to add class member : Component FB2 120R
Add Class Member: Failed to add class member : Component J1 USB4105GFA060
Add Class Member: Failed to add class member : Component JP1 HDR 1x4
Add Class Member: Failed to add class member : Component R1 10kOhm
Add Class Member: Failed to add class member : Component R2 220Ohm
Add Class Member: Failed to add class member : Component R3 10kOhm
Add Class Member: Failed to add class member : Component R4 4k7Ohm
Add Class Member: Failed to add class member : Component R5 4k7Ohm
Add Class Member: Failed to add class member : Component R6 5k1Ohm
Add Class Member: Failed to add class member : Component R7 5k1Ohm
Add Class Member: Failed to add class member : Component R8 100kOhm
Add Class Member: Failed to add class member : Component R9 1K
Add Class Member: Failed to add class member : Component R10 1.5k
Add Class Member: Failed to add class member : Component R11 100Ohm
Add Class Member: Failed to add class member : Component R12 1kOhm
Add Class Member: Failed to add class member : Component R13 220Ohm
Add Class Member: Failed to add class member : Component R14 220Ohm
Add Class Member: Failed to add class member : Component SW1 CJS-1201B
Add Class Member: Failed to add class member : Component U1 STM32L476RGT6TR
Add Class Member: Failed to add class member : Component U2 AP2112K-3.3TRG1
Add Class Member: Failed to add class member : Component U3 MPU-6050
