Removed Pin From Net: NetName=GND Pin=-1
Removed Pin From Net: NetName=U_TX Pin=-2
Removed Pin From Net: NetName=U_RX Pin=-3
Removed Pin From Net: NetName=+3V3 Pin=-4
Removed Member From Class: ClassName=mpuhand2 Member=
Change Component Designator: OldDesignator= NewDesignator=JP1
Change Component Designator: OldDesignator= NewDesignator=JP2
Change Component Designator: OldDesignator= NewDesignator=JP3
Added Component: Designator=R?(RESC2013X60X35ML10T20)
Add component (AddParameter): Name = "Automotive Qualification Standard"; Value = "-"; VariantName = "[No Variations]"
Add component (AddParameter): Name = "Datasheet URL"; Value = "http://www.yageo.ru/pdf/RC0805.pdf"; VariantName = "[No Variations]"
Add component (AddParameter): Name = "Datasheet Version"; Value = "REV. 2, 09/2004"; VariantName = "[No Variations]"
Add component (AddParameter): Name = "Manufacturer"; Value = "Yageo"; VariantName = "[No Variations]"
Add component (AddParameter): Name = "Manufacturer URL"; Value = "http://www.yageo.com/"; VariantName = "[No Variations]"
Add component (AddParameter): Name = "MSL"; Value = "MSL1-Unlimited"; VariantName = "[No Variations]"
Add component (AddParameter): Name = "Package Description"; Value = "2-Pin Surface Mounted Device, Body 2 x 1.25 mm"; VariantName = "[No Variations]"
Add component (AddParameter): Name = "Package Reference"; Value = "805"; VariantName = "[No Variations]"
Add component (AddParameter): Name = "Packaging"; Value = "CutTape"; VariantName = "[No Variations]"
Add component (AddParameter): Name = "Power Rating"; Value = "250mW"; VariantName = "[No Variations]"
Add component (AddParameter): Name = "Product Range"; Value = "RCSeries"; VariantName = "[No Variations]"
Add component (AddParameter): Name = "Resistance"; Value = "10kohm"; VariantName = "[No Variations]"
Add component (AddParameter): Name = "Resistance Tolerance"; Value = "±5%"; VariantName = "[No Variations]"
Add component (AddParameter): Name = "Resistor Case Style"; Value = "0805[2012Metric]"; VariantName = "[No Variations]"
Add component (AddParameter): Name = "Resistor Element Type"; Value = "ThickFilm"; VariantName = "[No Variations]"
Add component (AddParameter): Name = "SVHC"; Value = "ToBeAdvised"; VariantName = "[No Variations]"
Add component (AddParameter): Name = "Temperature Coefficient"; Value = "±100ppm/degC"; VariantName = "[No Variations]"
Add component (AddParameter): Name = "Voltage Rating"; Value = "150V"; VariantName = "[No Variations]"
Added Component: Designator=R?(RESC2013X60X35ML10T20)
Add component (AddParameter): Name = "Automotive Qualification Standard"; Value = "-"; VariantName = "[No Variations]"
Add component (AddParameter): Name = "Datasheet URL"; Value = "http://www.yageo.ru/pdf/RC0805.pdf"; VariantName = "[No Variations]"
Add component (AddParameter): Name = "Datasheet Version"; Value = "REV. 2, 09/2004"; VariantName = "[No Variations]"
Add component (AddParameter): Name = "Manufacturer"; Value = "Yageo"; VariantName = "[No Variations]"
Add component (AddParameter): Name = "Manufacturer URL"; Value = "http://www.yageo.com/"; VariantName = "[No Variations]"
Add component (AddParameter): Name = "MSL"; Value = "MSL1-Unlimited"; VariantName = "[No Variations]"
Add component (AddParameter): Name = "Package Description"; Value = "2-Pin Surface Mounted Device, Body 2 x 1.25 mm"; VariantName = "[No Variations]"
Add component (AddParameter): Name = "Package Reference"; Value = "805"; VariantName = "[No Variations]"
Add component (AddParameter): Name = "Packaging"; Value = "CutTape"; VariantName = "[No Variations]"
Add component (AddParameter): Name = "Power Rating"; Value = "250mW"; VariantName = "[No Variations]"
Add component (AddParameter): Name = "Product Range"; Value = "RCSeries"; VariantName = "[No Variations]"
Add component (AddParameter): Name = "Resistance"; Value = "10kohm"; VariantName = "[No Variations]"
Add component (AddParameter): Name = "Resistance Tolerance"; Value = "±5%"; VariantName = "[No Variations]"
Add component (AddParameter): Name = "Resistor Case Style"; Value = "0805[2012Metric]"; VariantName = "[No Variations]"
Add component (AddParameter): Name = "Resistor Element Type"; Value = "ThickFilm"; VariantName = "[No Variations]"
Add component (AddParameter): Name = "SVHC"; Value = "ToBeAdvised"; VariantName = "[No Variations]"
Add component (AddParameter): Name = "Temperature Coefficient"; Value = "±100ppm/degC"; VariantName = "[No Variations]"
Add component (AddParameter): Name = "Voltage Rating"; Value = "150V"; VariantName = "[No Variations]"
Added Component: Designator=R?(RESC2013X60X35ML10T20)
Add component (AddParameter): Name = "Automotive Qualification Standard"; Value = "-"; VariantName = "[No Variations]"
Add component (AddParameter): Name = "Datasheet URL"; Value = "http://www.yageo.ru/pdf/RC0805.pdf"; VariantName = "[No Variations]"
Add component (AddParameter): Name = "Datasheet Version"; Value = "REV. 2, 09/2004"; VariantName = "[No Variations]"
Add component (AddParameter): Name = "Manufacturer"; Value = "Yageo"; VariantName = "[No Variations]"
Add component (AddParameter): Name = "Manufacturer URL"; Value = "http://www.yageo.com/"; VariantName = "[No Variations]"
Add component (AddParameter): Name = "MSL"; Value = "MSL1-Unlimited"; VariantName = "[No Variations]"
Add component (AddParameter): Name = "Package Description"; Value = "2-Pin Surface Mounted Device, Body 2 x 1.25 mm"; VariantName = "[No Variations]"
Add component (AddParameter): Name = "Package Reference"; Value = "805"; VariantName = "[No Variations]"
Add component (AddParameter): Name = "Packaging"; Value = "CutTape"; VariantName = "[No Variations]"
Add component (AddParameter): Name = "Power Rating"; Value = "250mW"; VariantName = "[No Variations]"
Add component (AddParameter): Name = "Product Range"; Value = "RCSeries"; VariantName = "[No Variations]"
Add component (AddParameter): Name = "Resistance"; Value = "10kohm"; VariantName = "[No Variations]"
Add component (AddParameter): Name = "Resistance Tolerance"; Value = "±5%"; VariantName = "[No Variations]"
Add component (AddParameter): Name = "Resistor Case Style"; Value = "0805[2012Metric]"; VariantName = "[No Variations]"
Add component (AddParameter): Name = "Resistor Element Type"; Value = "ThickFilm"; VariantName = "[No Variations]"
Add component (AddParameter): Name = "SVHC"; Value = "ToBeAdvised"; VariantName = "[No Variations]"
Add component (AddParameter): Name = "Temperature Coefficient"; Value = "±100ppm/degC"; VariantName = "[No Variations]"
Add component (AddParameter): Name = "Voltage Rating"; Value = "150V"; VariantName = "[No Variations]"
Added Pin To Net: NetName=GND Pin=C24-1
Added Pin To Net: NetName=GND Pin=JP3-2
Added Pin To Net: NetName=But2 Pin=R?-1
Added Pin To Net: NetName=But3 Pin=R?-1
Added Pin To Net: NetName=GND Pin=R?-1
Added Pin To Net: NetName=+3V3 Pin=R?-2
Added Pin To Net: NetName=+3V3 Pin=R?-2
Added Pin To Net: NetName=+3V3 Pin=R?-2
Added Pin To Net: NetName=GND Pin=U1-61
Change Net Name : Old Net Name=GND New Net Name=But1
Added Member To Class: ClassName=mpuhand2 Member=Component JP2 HDR 1x4
Added Member To Class: ClassName=mpuhand2 Member=Component JP3 HDR 1x4
Added Member To Class: ClassName=mpuhand2 Member=Component R? 10kOhm
Added Member To Class: ClassName=mpuhand2 Member=Component R? 10kOhm
Added Member To Class: ClassName=mpuhand2 Member=Component R? 10kOhm
Added Rule: Name=Schematic Supply Nets_1
